 Mw =  6.80000019
 ST funct = m6.80_b_v01-01.srf            
 source mechanism = ss
 Mo [Nm]=  1.77827941E+19
 Ar [km2] =  501.187012
 D [m] =  7.62512589
 Tr [sec] =  1.14155352
