   201.7118       291.7658       201.4916       266.0995    
   75.19212       79.89218       165.6877       126.0076    
   238.0401       89.24008       174.1623       81.16844    
   94.05836       56.25191       104.7845       55.94672    
   355.3622       125.5949       300.8388       116.0329    
   32.48272       55.67345       29.58393       60.66689    
   255.1955       369.2734       237.5267       393.3187    
   83.74343       68.76818       72.95454       60.63091    
   17.43417       61.17608       32.02026       21.95689    
   89.97742       87.76266       92.06701       84.39571    
