   120.3105       150.7514       118.7357       151.1186    
   59.75885       57.51563       63.28847       68.01360    
   133.5881       48.29182       110.0345       48.13071    
   74.48574       30.27798       80.96330       32.59344    
   236.0656       85.49445       208.3499       76.11258    
   22.67757       35.60012       21.47438       36.68161    
   136.5881       224.1502       125.4278       236.6629    
   59.75722       44.54943       53.10244       43.84081    
   4.406719       7.671870       3.803343       7.750468    
   55.02960       58.97381       56.19592       62.93272    
